{
  "TC-1": {
    "headerText": "Student Student"
  },

  "TC-2": {
    "headerText": "Welcome back!"
  },

  "TC-3": {
    "headerRegister": "Create an account"
  },

  "TC-4": {
    "headerResetPassword": "Reset password"
  },

  "TC-6": {
    "errorMessage": "User not found"
  }
}
